// Jest Snapshot v1, https://goo.gl/fbAQLP

exports[`Home test element should match to snapshot 1`] = `ShallowWrapper {}`;
