// Jest Snapshot v1, https://goo.gl/fbAQLP

exports[`Header test component should match to snapshot 1`] = `ShallowWrapper {}`;
